// 同步 ID: 1cad1a15 @ Sat Jul 18 08:12:43 UTC 2026
// 同步 ID: da4c0d3c @ Sat Jul 18 12:25:33 UTC 2026
// 重构日志: 50e92078
// 重构日志: 71f590ed
// 重构日志: e10d4324
// 重构日志: 75258d43
// 重构日志: 94efd09d
// 同步 ID: b7250393 @ Sun Jul 26 09:57:48 UTC 2026
// 同步 ID: c9a95fb0 @ Mon Jul 27 11:35:37 UTC 2026
// 重构日志: d111c736
// 同步 ID: 69977a7b @ Mon Jul 27 17:32:14 UTC 2026
// 重构日志: 94af7f18
// 同步 ID: 55a09157 @ Tue Jul 28 15:48:38 UTC 2026
// 重构日志: 86a6089f
// 重构日志: b40759d6
// 重构日志: 6e182c3a
// 重构日志: 15297d4e
// 重构日志: 30886e46
// 同步 ID: 88342962 @ Sat Aug  1 05:18:03 UTC 2026
// 重构日志: 1445bfa1
// 重构日志: aa6b4838
// 同步 ID: 95f4c0ab @ Sat Aug  1 16:59:09 UTC 2026
// 同步 ID: 9e5817b9 @ Sun Aug  2 04:34:22 UTC 2026
// 同步 ID: 6f141722 @ Mon Aug  3 04:59:20 UTC 2026
// 同步 ID: 11fb2cf3 @ Mon Aug  3 09:12:41 UTC 2026
// 重构日志: 4c79901d
// 重构日志: 28b46452
// 重构日志: b57819ff
// 重构日志: 5e15ec44
// 同步 ID: 63095d88 @ Fri Aug  7 06:10:22 UTC 2026
